2.3.1 Install to /home/ros/indigo since we got disk space issues on / which is where /opt is on edison:

iqdean@ubilinux:~/ros_catkin_ws$ ls
indigo-ros_comm-wet.rosinstall  src

$ sudo ./src/catkin/bin/catkin_make_isolated --install -DCMAKE_BUILD_TYPE=Release --install-space /home/ros/indigo

Build starts
[1 of 48 ]
...
[41 of 48]  KEWL!!  we past last build error @ [41 of 48]  !!
...
[47 of 48] ok
[48 of 48] ok 


<== Finished processing package [48 of 48]: 'rosbag'       <- NOW we got ROS-Comm on ubilinux edison
                                                              ROS-Comm: (recommended) ROS package, build, and communication libraries. No GUI tools.

iqdean@ubilinux:~/ros_catkin_ws$

iqdean@ubilinux:/home$ tree -L 2 ros/indigo/
ros/indigo/
├── bin
│   ├── catkin_find
│   ├── catkin_init_workspace
│   ├── catkin_make
│   ├── catkin_make_isolated
│   ├── catkin_package_version
│   ├── catkin_prepare_release
│   ├── catkin_test_results
│   ├── catkin_topological_order
│   ├── rosbag
│   ├── rosboost-cfg
│   ├── rosclean
│   ├── rosconsole
│   ├── roscore
│   ├── roscreate-pkg
│   ├── rosgraph
│   ├── roslaunch
│   ├── roslaunch-complete
│   ├── roslaunch-deps
│   ├── roslaunch-logs
│   ├── rosmake
│   ├── rosmaster
│   ├── rosmsg
│   ├── rosmsg-proto
│   ├── rosnode
│   ├── rospack
│   ├── rosparam
│   ├── rosrun
│   ├── rosservice
│   ├── rossrv
│   ├── rosstack
│   ├── rostest
│   ├── rostopic
│   ├── rosunit
│   └── roswtf
├── env.sh
├── etc
│   ├── catkin
│   └── ros
├── include
│   ├── base64.h
│   ├── message_filters
│   ├── ros
│   ├── rosbag
│   ├── rosconsole
│   ├── roscpp
│   ├── rosgraph_msgs
│   ├── roslz4
│   ├── rospack
│   ├── rostest
│   ├── std_msgs
│   ├── std_srvs
│   ├── topic_tools
│   ├── XmlRpcClient.h
│   ├── XmlRpcDecl.h
│   ├── XmlRpcDispatch.h
│   ├── XmlRpcException.h
│   ├── XmlRpc.h
│   ├── XmlRpcServerConnection.h
│   ├── XmlRpcServer.h
│   ├── XmlRpcServerMethod.h
│   ├── XmlRpcSocket.h
│   ├── XmlRpcSource.h
│   ├── XmlRpcUtil.h
│   └── XmlRpcValue.h
├── lib
│   ├── gencpp
│   ├── genlisp
│   ├── genmsg
│   ├── genpy
│   ├── libcpp_common.so
│   ├── libmessage_filters.so
│   ├── librosbag.so
│   ├── librosbag_storage.so
│   ├── librosconsole_backend_interface.so
│   ├── librosconsole_print.so
│   ├── librosconsole.so
│   ├── libroscpp_serialization.so
│   ├── libroscpp.so
│   ├── libroslib.so
│   ├── libroslz4.so
│   ├── librospack.so
│   ├── librostime.so
│   ├── libtopic_tools.so
│   ├── libxmlrpcpp.so
│   ├── pkgconfig
│   ├── python2.7
│   ├── rosbag
│   ├── rosgraph
│   ├── roslib
│   ├── rosout
│   ├── rosservice
│   ├── rostopic
│   └── topic_tools
├── setup.bash
├── setup.sh
├── _setup_util.py
├── setup.zsh
└── share
    ├── catkin
    ├── cmake_modules
    ├── common-lisp
    ├── cpp_common
    ├── gencpp
    ├── genlisp
    ├── genmsg
    ├── genpy
    ├── message_filters
    ├── message_generation
    ├── message_runtime
    ├── mk
    ├── ros
    ├── rosbag
    ├── rosbag_storage
    ├── rosbash
    ├── rosboost_cfg
    ├── rosbuild
    ├── rosclean
    ├── ros_comm
    ├── rosconsole
    ├── roscpp
    ├── roscpp_serialization
    ├── roscpp_traits
    ├── roscreate
    ├── rosgraph
    ├── rosgraph_msgs
    ├── roslang
    ├── roslaunch
    ├── roslib
    ├── roslz4
    ├── rosmake
    ├── rosmaster
    ├── rosmsg
    ├── rosnode
    ├── rosout
    ├── rospack
    ├── rosparam
    ├── rospy
    ├── rosservice
    ├── rostest
    ├── rostime
    ├── rostopic
    ├── rosunit
    ├── roswtf
    ├── std_msgs
    ├── std_srvs
    ├── topic_tools
    └── xmlrpcpp

81 directories, 67 files

iqdean@ubilinux:/home$ ls -al ros/indigo/bin
total 180
drwxr-xr-x 2 root root  4096 Aug 22 02:04 .
drwxr-xr-x 7 root root  4096 Aug 22 02:04 ..
-rwxr-xr-x 1 root root  2792 Aug 22 01:21 catkin_find
-rwxr-xr-x 1 root root  1071 Aug 22 01:21 catkin_init_workspace
-rwxr-xr-x 1 root root 12280 Aug 22 01:21 catkin_make
-rwxr-xr-x 1 root root  7287 Aug 22 01:21 catkin_make_isolated
-rwxr-xr-x 1 root root  1614 Aug 22 01:21 catkin_package_version
-rwxr-xr-x 1 root root 19810 Aug 22 01:21 catkin_prepare_release
-rwxr-xr-x 1 root root  1720 Aug 22 01:21 catkin_test_results
-rwxr-xr-x 1 root root  2414 Aug 22 01:21 catkin_topological_order
-rwxr-xr-x 1 root root  1657 Aug 22 02:04 rosbag
-rwxr-xr-x 1 root root  1663 Aug 22 01:24 rosboost-cfg
-rwxr-xr-x 1 root root  1664 Aug 22 01:25 rosclean
-rwxr-xr-x 1 root root    65 Aug 22 01:30 rosconsole
-rwxr-xr-x 1 root root  2595 Aug 22 01:32 roscore
-rwxr-xr-x 1 root root  1683 Aug 22 01:25 roscreate-pkg
-rwxr-xr-x 1 root root  1760 Aug 22 01:25 rosgraph
-rwxr-xr-x 1 root root  1657 Aug 22 01:32 roslaunch
-rwxr-xr-x 1 root root  2433 Aug 22 01:32 roslaunch-complete
-rwxr-xr-x 1 root root  1688 Aug 22 01:32 roslaunch-deps
-rwxr-xr-x 1 root root  1692 Aug 22 01:32 roslaunch-logs
-rwxr-xr-x 1 root root  2678 Aug 22 01:26 rosmake
-rwxr-xr-x 1 root root  1667 Aug 22 01:26 rosmaster
-rwxr-xr-x 1 root root  1657 Aug 22 01:26 rosmsg
-rwxr-xr-x 1 root root  2032 Aug 22 01:26 rosmsg-proto
-rwxr-xr-x 1 root root  1660 Aug 22 01:57 rosnode
-rwxr-xr-x 1 root root  7150 Aug 22 01:28 rospack
-rwxr-xr-x 1 root root  1659 Aug 22 01:29 rosparam
-rwxr-xr-x 1 root root  2587 Apr 27 23:29 rosrun
-rwxr-xr-x 1 root root  1669 Aug 22 01:30 rosservice
-rwxr-xr-x 1 root root  1700 Aug 22 01:26 rossrv
-rwxr-xr-x 1 root root  7153 Aug 22 01:28 rosstack
-rwxr-xr-x 1 root root  1670 Aug 22 01:36 rostest
-rwxr-xr-x 1 root root  1663 Aug 22 01:57 rostopic
-rwxr-xr-x 1 root root  1686 Aug 22 01:32 rosunit
-rwxr-xr-x 1 root root  1658 Aug 22 01:57 roswtf

===

iqdean@ubilinux:/home$ du -h ros
...
17M     ros/indigo

     ===============================================
===  http://jbohren.com/articles/roscpp-hello-world/  ===
     ===============================================

iqdean@ubilinux:~$ source /home/ros/indigo/setup.sh	<1 source setup.sh to ros to env       

iqdean@ubilinux:~$ env | grep /home/ros/indigo/         <1.1 see what all got added to env
ROS_ROOT=/home/ros/indigo/share/ros
ROS_PACKAGE_PATH=/home/ros/indigo/share:/home/ros/indigo/stacks
LD_LIBRARY_PATH=/home/ros/indigo/lib:/home/ros/indigo/lib/i386-linux-gnu
CPATH=/home/ros/indigo/include
PATH=/home/ros/indigo/bin:/usr/local/bin:/usr/bin:/bin:/usr/local/games:/usr/games:/usr/local/sbin:/usr/sbin:/sbin
PYTHONPATH=/home/ros/indigo/lib/python2.7/dist-packages::/usr/local/lib/i386-linux-gnu/python2.7/site-packages
PKG_CONFIG_PATH=/home/ros/indigo/lib/pkgconfig:/home/ros/indigo/lib/i386-linsux-gnu/pkgconfig
ROS_ETC_DIR=/home/ros/indigo/etc/ros

=== rostopic ===
 
iqdean@ubilinux:~$ which rostopic		<1.3 now you can use ros components from the ros_install_dir/bin
/home/ros/indigo/bin/rostopic

iqdean@ubilinux:~$ rostopic --help
rostopic is a command-line tool for printing information about ROS Topics.

Commands:
        rostopic bw     display bandwidth used by topic
        rostopic echo   print messages to screen
        rostopic find   find topics by type
        rostopic hz     display publishing rate of topic
        rostopic info   print information about active topic
        rostopic list   list active topics
        rostopic pub    publish data to topic
        rostopic type   print topic type

Type rostopic <command> -h for more detailed usage, e.g. 'rostopic echo -h'

iqdean@ubilinux:~$ rostopic echo -h
Usage: rostopic echo [options] /topic

Options:
  -h, --help            show this help message and exit
  -b BAGFILE, --bag=BAGFILE
                        echo messages from .bag file
  -p                    echo in a plotting friendly format
  -w NUM_WIDTH          fixed width for numeric values
  --filter=FILTER-EXPRESSION
                        Python expression to filter messages that are printed.
                        Expression can use Python builtins as well as m (the
                        message) and topic (the topic name).
  --nostr               exclude string fields
  --noarr               exclude arrays
  -c, --clear           clear screen before printing next message
  -a, --all             display all message in bag, only valid with -b option
  -n COUNT              number of messages to echo
  --offset              display time as offsets from current time (in seconds)

==== roscore ===

iqdean@ubilinux:~$ roscore --help
Usage: roscore [options]

roscore will start up a ROS Master, a ROS Parameter Server and a rosout
logging node

Options:
  -h, --help            show this help message and exit
  -p PORT, --port=PORT  master port. Only valid if master is launched
  -v                    verbose printing

See http://www.ros.org/wiki/roscore


=== hello_world_tutorial ===

1. mkdir for node code

$ mkdir hello_world_tutorial
$ cd hello_world_tutorial

2. wr code for node

iqdean@ubilinux:~/hello_world_tutorial$ nano hello_world_node.cpp

iqdean@ubilinux:~/hello_world_tutorial$ cat hello_world_node.cpp
// Include the ROS C++ APIs
#include <ros/ros.h>

// Standard C++ entry point
int main(int argc, char** argv) {
  // Announce this program to the ROS master as a "node" called "hello_world_node"
  ros::init(argc, argv, "hello_world_node");
  // Start the node resource managers (communication, time, etc)
  ros::start();
  // Broadcast a simple log message
  ROS_INFO_STREAM("Hello, world!");
  // Process ROS callbacks until receiving a SIGINT (ctrl-c)
  ros::spin();
  // Stop the node's resources
  ros::shutdown();
  // Exit tranquilly
  return 0;
}

3. build the node

iqdean@ubilinux:~/hello_world_tutorial$ g++ hello_world_node.cpp -o hello_world_node -I/home/ros/indigo/include -L/home/ros/indigo/lib -Wl,-rpath,/home/ros/indigo/lib -lroscpp -lrosconsole -lrostime

iqdean@ubilinux:~/hello_world_tutorial$ ls -al
-rwxr-xr-x 1 iqdean iqdean 12674 Aug 22 06:42 hello_world_node
-rw-r--r-- 1 iqdean iqdean   555 Aug 22 06:35 hello_world_node.cpp

4. term 2 - start roscore

iqdean@ubilinux:~$ source /home/ros/indigo/setup.sh
iqdean@ubilinux:~$ roscore
... logging to /home/iqdean/.ros/log/22a286a4-489a-11e5-a786-784b87a69877/roslaunch-ubilinux-18566.log
Checking log directory for disk usage. This may take awhile.
Press Ctrl-C to interrupt
Done checking log file disk usage. Usage is <1GB.

started roslaunch server http://ubilinux:59997/
ros_comm version 1.11.13


SUMMARY
========

PARAMETERS
 * /rosdistro: indigo
 * /rosversion: 1.11.13

NODES

auto-starting new master
process[master]: started with pid [18579]
ROS_MASTER_URI=http://ubilinux:11311/

setting /run_id to 22a286a4-489a-11e5-a786-784b87a69877
process[rosout-1]: started with pid [18592]
started core service [/rosout]

5 term1 

iqdean@ubilinux:~/hello_world_tutorial$ ./hello_world_node
[ INFO] [1440226346.617562241]: Hello, world!

6 term3
                ~$ source /home/ros/indigo        <-- add this to your .bashrc file
iqdean@ubilinux:~$ rosnode --help
rosnode is a command-line tool for printing information about ROS Nodes.

Commands:
        rosnode ping    test connectivity to node
        rosnode list    list active nodes
        rosnode info    print information about node
        rosnode machine list nodes running on a particular machine or list machines
        rosnode kill    kill a running node
        rosnode cleanup purge registration information of unreachable nodes

Type rosnode <command> -h for more detailed usage, e.g. 'rosnode ping -h'

iqdean@ubilinux:~$ rosnode list
/hello_world_node
/rosout

iqdean@ubilinux:~$ rosnode info /hello_world_node
--------------------------------------------------------------------------------
Node [/hello_world_node]
Publications:
 * /rosout [rosgraph_msgs/Log]

Subscriptions: None

Services:
 * /hello_world_node/get_loggers
 * /hello_world_node/set_logger_level


contacting node http://ubilinux:45869/ ...
Pid: 18609
Connections:
 * topic: /rosout
    * to: /rosout
    * direction: outbound
    * transport: TCPROS


iqdean@ubilinux:~$ rostopic echo /rosout
header:
  seq: 0
  stamp:
    secs: 1440226346
    nsecs: 617876104
  frame_id: ''
level: 2
name: /hello_world_node
msg: Hello, world!
file: hello_world_node.cpp
function: int main(int, char**)
line: 11
topics: ['/rosout']
---


term2 - Ctl-C to kill hello_world_tutorial executable 
...
^C[rosout-1] killing on exit
[master] killing on exit
shutting down processing monitor...
... shutting down processing monitor complete
done
iqdean@ubilinux:~$

term3 - 

iqdean@ubilinux:~$ rosnode info /hello_world_node
--------------------------------------------------------------------------------
Node [/hello_world_node]
Publications: None

Subscriptions: None

Services: None

cannot contact [/hello_world_node]: unknown node
iqdean@ubilinux:~$

term1 - shutdown roscore   Ctrl-C
...
^C[rosout-1] killing on exit
[master] killing on exit
shutting down processing monitor...
... shutting down processing monitor complete
done
iqdean@ubilinux:~$
